Found: H:\cygwin\bin\awk
 -> H:\cygwin\bin\gawk.exe
H:\cygwin\bin\gawk.exe
  H:\cygwin\bin\cygwin1.dll
    C:\Windows\system32\KERNEL32.dll
      C:\Windows\system32\API-MS-Win-Core-RtlSupport-L1-1-0.dll
      C:\Windows\system32\ntdll.dll
      C:\Windows\system32\KERNELBASE.dll
      C:\Windows\system32\API-MS-Win-Core-ProcessThreads-L1-1-0.dll
      C:\Windows\system32\API-MS-Win-Core-Heap-L1-1-0.dll
      C:\Windows\system32\API-MS-Win-Core-Memory-L1-1-0.dll
      C:\Windows\system32\API-MS-Win-Core-Handle-L1-1-0.dll
      C:\Windows\system32\API-MS-Win-Core-Synch-L1-1-0.dll
      C:\Windows\system32\API-MS-Win-Core-File-L1-1-0.dll
      C:\Windows\system32\API-MS-Win-Core-IO-L1-1-0.dll
      C:\Windows\system32\API-MS-Win-Core-ThreadPool-L1-1-0.dll
      C:\Windows\system32\API-MS-Win-Core-LibraryLoader-L1-1-0.dll
      C:\Windows\system32\API-MS-Win-Core-NamedPipe-L1-1-0.dll
      C:\Windows\system32\API-MS-Win-Core-Misc-L1-1-0.dll
      C:\Windows\system32\API-MS-Win-Core-SysInfo-L1-1-0.dll
      C:\Windows\system32\API-MS-Win-Core-Localization-L1-1-0.dll
      C:\Windows\system32\API-MS-Win-Core-ProcessEnvironment-L1-1-0.dll
      C:\Windows\system32\API-MS-Win-Core-String-L1-1-0.dll
      C:\Windows\system32\API-MS-Win-Core-Debug-L1-1-0.dll
      C:\Windows\system32\API-MS-Win-Core-ErrorHandling-L1-1-0.dll
      C:\Windows\system32\API-MS-Win-Core-Fibers-L1-1-0.dll
      C:\Windows\system32\API-MS-Win-Core-Util-L1-1-0.dll
      C:\Windows\system32\API-MS-Win-Core-Profile-L1-1-0.dll
      C:\Windows\system32\API-MS-Win-Security-Base-L1-1-0.dll
  H:\cygwin\bin\cyggmp-10.dll
  H:\cygwin\bin\cygintl-8.dll
    H:\cygwin\bin\cygiconv-2.dll
  H:\cygwin\bin\cygmpfr-4.dll
    H:\cygwin\bin\cyggcc_s-seh-1.dll
  H:\cygwin\bin\cygreadline7.dll
    H:\cygwin\bin\cygncursesw-10.dll

Found: H:\cygwin\bin\bash.exe
H:\cygwin\bin\bash.exe
  H:\cygwin\bin\cygwin1.dll
    C:\Windows\system32\KERNEL32.dll
      C:\Windows\system32\API-MS-Win-Core-RtlSupport-L1-1-0.dll
      C:\Windows\system32\ntdll.dll
      C:\Windows\system32\KERNELBASE.dll
      C:\Windows\system32\API-MS-Win-Core-ProcessThreads-L1-1-0.dll
      C:\Windows\system32\API-MS-Win-Core-Heap-L1-1-0.dll
      C:\Windows\system32\API-MS-Win-Core-Memory-L1-1-0.dll
      C:\Windows\system32\API-MS-Win-Core-Handle-L1-1-0.dll
      C:\Windows\system32\API-MS-Win-Core-Synch-L1-1-0.dll
      C:\Windows\system32\API-MS-Win-Core-File-L1-1-0.dll
      C:\Windows\system32\API-MS-Win-Core-IO-L1-1-0.dll
      C:\Windows\system32\API-MS-Win-Core-ThreadPool-L1-1-0.dll
      C:\Windows\system32\API-MS-Win-Core-LibraryLoader-L1-1-0.dll
      C:\Windows\system32\API-MS-Win-Core-NamedPipe-L1-1-0.dll
      C:\Windows\system32\API-MS-Win-Core-Misc-L1-1-0.dll
      C:\Windows\system32\API-MS-Win-Core-SysInfo-L1-1-0.dll
      C:\Windows\system32\API-MS-Win-Core-Localization-L1-1-0.dll
      C:\Windows\system32\API-MS-Win-Core-ProcessEnvironment-L1-1-0.dll
      C:\Windows\system32\API-MS-Win-Core-String-L1-1-0.dll
      C:\Windows\system32\API-MS-Win-Core-Debug-L1-1-0.dll
      C:\Windows\system32\API-MS-Win-Core-ErrorHandling-L1-1-0.dll
      C:\Windows\system32\API-MS-Win-Core-Fibers-L1-1-0.dll
      C:\Windows\system32\API-MS-Win-Core-Util-L1-1-0.dll
      C:\Windows\system32\API-MS-Win-Core-Profile-L1-1-0.dll
      C:\Windows\system32\API-MS-Win-Security-Base-L1-1-0.dll
  H:\cygwin\bin\cygiconv-2.dll
  H:\cygwin\bin\cygintl-8.dll
  H:\cygwin\bin\cygreadline7.dll
    H:\cygwin\bin\cygncursesw-10.dll

Found: H:\cygwin\bin\bunzip2.exe
H:\cygwin\bin\bunzip2.exe
  H:\cygwin\bin\cygbz2-1.dll
    H:\cygwin\bin\cygwin1.dll
      C:\Windows\system32\KERNEL32.dll
        C:\Windows\system32\API-MS-Win-Core-RtlSupport-L1-1-0.dll
        C:\Windows\system32\ntdll.dll
        C:\Windows\system32\KERNELBASE.dll
        C:\Windows\system32\API-MS-Win-Core-ProcessThreads-L1-1-0.dll
        C:\Windows\system32\API-MS-Win-Core-Heap-L1-1-0.dll
        C:\Windows\system32\API-MS-Win-Core-Memory-L1-1-0.dll
        C:\Windows\system32\API-MS-Win-Core-Handle-L1-1-0.dll
        C:\Windows\system32\API-MS-Win-Core-Synch-L1-1-0.dll
        C:\Windows\system32\API-MS-Win-Core-File-L1-1-0.dll
        C:\Windows\system32\API-MS-Win-Core-IO-L1-1-0.dll
        C:\Windows\system32\API-MS-Win-Core-ThreadPool-L1-1-0.dll
        C:\Windows\system32\API-MS-Win-Core-LibraryLoader-L1-1-0.dll
        C:\Windows\system32\API-MS-Win-Core-NamedPipe-L1-1-0.dll
        C:\Windows\system32\API-MS-Win-Core-Misc-L1-1-0.dll
        C:\Windows\system32\API-MS-Win-Core-SysInfo-L1-1-0.dll
        C:\Windows\system32\API-MS-Win-Core-Localization-L1-1-0.dll
        C:\Windows\system32\API-MS-Win-Core-ProcessEnvironment-L1-1-0.dll
        C:\Windows\system32\API-MS-Win-Core-String-L1-1-0.dll
        C:\Windows\system32\API-MS-Win-Core-Debug-L1-1-0.dll
        C:\Windows\system32\API-MS-Win-Core-ErrorHandling-L1-1-0.dll
        C:\Windows\system32\API-MS-Win-Core-Fibers-L1-1-0.dll
        C:\Windows\system32\API-MS-Win-Core-Util-L1-1-0.dll
        C:\Windows\system32\API-MS-Win-Core-Profile-L1-1-0.dll
        C:\Windows\system32\API-MS-Win-Security-Base-L1-1-0.dll

Found: H:\cygwin\bin\grep.exe
H:\cygwin\bin\grep.exe
  H:\cygwin\bin\cygwin1.dll
    C:\Windows\system32\KERNEL32.dll
      C:\Windows\system32\API-MS-Win-Core-RtlSupport-L1-1-0.dll
      C:\Windows\system32\ntdll.dll
      C:\Windows\system32\KERNELBASE.dll
      C:\Windows\system32\API-MS-Win-Core-ProcessThreads-L1-1-0.dll
      C:\Windows\system32\API-MS-Win-Core-Heap-L1-1-0.dll
      C:\Windows\system32\API-MS-Win-Core-Memory-L1-1-0.dll
      C:\Windows\system32\API-MS-Win-Core-Handle-L1-1-0.dll
      C:\Windows\system32\API-MS-Win-Core-Synch-L1-1-0.dll
      C:\Windows\system32\API-MS-Win-Core-File-L1-1-0.dll
      C:\Windows\system32\API-MS-Win-Core-IO-L1-1-0.dll
      C:\Windows\system32\API-MS-Win-Core-ThreadPool-L1-1-0.dll
      C:\Windows\system32\API-MS-Win-Core-LibraryLoader-L1-1-0.dll
      C:\Windows\system32\API-MS-Win-Core-NamedPipe-L1-1-0.dll
      C:\Windows\system32\API-MS-Win-Core-Misc-L1-1-0.dll
      C:\Windows\system32\API-MS-Win-Core-SysInfo-L1-1-0.dll
      C:\Windows\system32\API-MS-Win-Core-Localization-L1-1-0.dll
      C:\Windows\system32\API-MS-Win-Core-ProcessEnvironment-L1-1-0.dll
      C:\Windows\system32\API-MS-Win-Core-String-L1-1-0.dll
      C:\Windows\system32\API-MS-Win-Core-Debug-L1-1-0.dll
      C:\Windows\system32\API-MS-Win-Core-ErrorHandling-L1-1-0.dll
      C:\Windows\system32\API-MS-Win-Core-Fibers-L1-1-0.dll
      C:\Windows\system32\API-MS-Win-Core-Util-L1-1-0.dll
      C:\Windows\system32\API-MS-Win-Core-Profile-L1-1-0.dll
      C:\Windows\system32\API-MS-Win-Security-Base-L1-1-0.dll
  H:\cygwin\bin\cygiconv-2.dll
  H:\cygwin\bin\cygintl-8.dll
  H:\cygwin\bin\cygpcre-1.dll

Found: H:\cygwin\bin\gzip.exe
H:\cygwin\bin\gzip.exe
  H:\cygwin\bin\cygwin1.dll
    C:\Windows\system32\KERNEL32.dll
      C:\Windows\system32\API-MS-Win-Core-RtlSupport-L1-1-0.dll
      C:\Windows\system32\ntdll.dll
      C:\Windows\system32\KERNELBASE.dll
      C:\Windows\system32\API-MS-Win-Core-ProcessThreads-L1-1-0.dll
      C:\Windows\system32\API-MS-Win-Core-Heap-L1-1-0.dll
      C:\Windows\system32\API-MS-Win-Core-Memory-L1-1-0.dll
      C:\Windows\system32\API-MS-Win-Core-Handle-L1-1-0.dll
      C:\Windows\system32\API-MS-Win-Core-Synch-L1-1-0.dll
      C:\Windows\system32\API-MS-Win-Core-File-L1-1-0.dll
      C:\Windows\system32\API-MS-Win-Core-IO-L1-1-0.dll
      C:\Windows\system32\API-MS-Win-Core-ThreadPool-L1-1-0.dll
      C:\Windows\system32\API-MS-Win-Core-LibraryLoader-L1-1-0.dll
      C:\Windows\system32\API-MS-Win-Core-NamedPipe-L1-1-0.dll
      C:\Windows\system32\API-MS-Win-Core-Misc-L1-1-0.dll
      C:\Windows\system32\API-MS-Win-Core-SysInfo-L1-1-0.dll
      C:\Windows\system32\API-MS-Win-Core-Localization-L1-1-0.dll
      C:\Windows\system32\API-MS-Win-Core-ProcessEnvironment-L1-1-0.dll
      C:\Windows\system32\API-MS-Win-Core-String-L1-1-0.dll
      C:\Windows\system32\API-MS-Win-Core-Debug-L1-1-0.dll
      C:\Windows\system32\API-MS-Win-Core-ErrorHandling-L1-1-0.dll
      C:\Windows\system32\API-MS-Win-Core-Fibers-L1-1-0.dll
      C:\Windows\system32\API-MS-Win-Core-Util-L1-1-0.dll
      C:\Windows\system32\API-MS-Win-Core-Profile-L1-1-0.dll
      C:\Windows\system32\API-MS-Win-Security-Base-L1-1-0.dll

Found: H:\cygwin\bin\mv.exe
H:\cygwin\bin\mv.exe
  H:\cygwin\bin\cygattr-1.dll
    H:\cygwin\bin\cygwin1.dll
      C:\Windows\system32\KERNEL32.dll
        C:\Windows\system32\API-MS-Win-Core-RtlSupport-L1-1-0.dll
        C:\Windows\system32\ntdll.dll
        C:\Windows\system32\KERNELBASE.dll
        C:\Windows\system32\API-MS-Win-Core-ProcessThreads-L1-1-0.dll
        C:\Windows\system32\API-MS-Win-Core-Heap-L1-1-0.dll
        C:\Windows\system32\API-MS-Win-Core-Memory-L1-1-0.dll
        C:\Windows\system32\API-MS-Win-Core-Handle-L1-1-0.dll
        C:\Windows\system32\API-MS-Win-Core-Synch-L1-1-0.dll
        C:\Windows\system32\API-MS-Win-Core-File-L1-1-0.dll
        C:\Windows\system32\API-MS-Win-Core-IO-L1-1-0.dll
        C:\Windows\system32\API-MS-Win-Core-ThreadPool-L1-1-0.dll
        C:\Windows\system32\API-MS-Win-Core-LibraryLoader-L1-1-0.dll
        C:\Windows\system32\API-MS-Win-Core-NamedPipe-L1-1-0.dll
        C:\Windows\system32\API-MS-Win-Core-Misc-L1-1-0.dll
        C:\Windows\system32\API-MS-Win-Core-SysInfo-L1-1-0.dll
        C:\Windows\system32\API-MS-Win-Core-Localization-L1-1-0.dll
        C:\Windows\system32\API-MS-Win-Core-ProcessEnvironment-L1-1-0.dll
        C:\Windows\system32\API-MS-Win-Core-String-L1-1-0.dll
        C:\Windows\system32\API-MS-Win-Core-Debug-L1-1-0.dll
        C:\Windows\system32\API-MS-Win-Core-ErrorHandling-L1-1-0.dll
        C:\Windows\system32\API-MS-Win-Core-Fibers-L1-1-0.dll
        C:\Windows\system32\API-MS-Win-Core-Util-L1-1-0.dll
        C:\Windows\system32\API-MS-Win-Core-Profile-L1-1-0.dll
        C:\Windows\system32\API-MS-Win-Security-Base-L1-1-0.dll
    H:\cygwin\bin\cygintl-8.dll
      H:\cygwin\bin\cygiconv-2.dll

Found: H:\cygwin\bin\sed.exe
H:\cygwin\bin\sed.exe
  H:\cygwin\bin\cygwin1.dll
    C:\Windows\system32\KERNEL32.dll
      C:\Windows\system32\API-MS-Win-Core-RtlSupport-L1-1-0.dll
      C:\Windows\system32\ntdll.dll
      C:\Windows\system32\KERNELBASE.dll
      C:\Windows\system32\API-MS-Win-Core-ProcessThreads-L1-1-0.dll
      C:\Windows\system32\API-MS-Win-Core-Heap-L1-1-0.dll
      C:\Windows\system32\API-MS-Win-Core-Memory-L1-1-0.dll
      C:\Windows\system32\API-MS-Win-Core-Handle-L1-1-0.dll
      C:\Windows\system32\API-MS-Win-Core-Synch-L1-1-0.dll
      C:\Windows\system32\API-MS-Win-Core-File-L1-1-0.dll
      C:\Windows\system32\API-MS-Win-Core-IO-L1-1-0.dll
      C:\Windows\system32\API-MS-Win-Core-ThreadPool-L1-1-0.dll
      C:\Windows\system32\API-MS-Win-Core-LibraryLoader-L1-1-0.dll
      C:\Windows\system32\API-MS-Win-Core-NamedPipe-L1-1-0.dll
      C:\Windows\system32\API-MS-Win-Core-Misc-L1-1-0.dll
      C:\Windows\system32\API-MS-Win-Core-SysInfo-L1-1-0.dll
      C:\Windows\system32\API-MS-Win-Core-Localization-L1-1-0.dll
      C:\Windows\system32\API-MS-Win-Core-ProcessEnvironment-L1-1-0.dll
      C:\Windows\system32\API-MS-Win-Core-String-L1-1-0.dll
      C:\Windows\system32\API-MS-Win-Core-Debug-L1-1-0.dll
      C:\Windows\system32\API-MS-Win-Core-ErrorHandling-L1-1-0.dll
      C:\Windows\system32\API-MS-Win-Core-Fibers-L1-1-0.dll
      C:\Windows\system32\API-MS-Win-Core-Util-L1-1-0.dll
      C:\Windows\system32\API-MS-Win-Core-Profile-L1-1-0.dll
      C:\Windows\system32\API-MS-Win-Security-Base-L1-1-0.dll
  H:\cygwin\bin\cygintl-8.dll
    H:\cygwin\bin\cygiconv-2.dll

Found: H:\cygwin\bin\tar.exe
H:\cygwin\bin\tar.exe
  H:\cygwin\bin\cygwin1.dll
    C:\Windows\system32\KERNEL32.dll
      C:\Windows\system32\API-MS-Win-Core-RtlSupport-L1-1-0.dll
      C:\Windows\system32\ntdll.dll
      C:\Windows\system32\KERNELBASE.dll
      C:\Windows\system32\API-MS-Win-Core-ProcessThreads-L1-1-0.dll
      C:\Windows\system32\API-MS-Win-Core-Heap-L1-1-0.dll
      C:\Windows\system32\API-MS-Win-Core-Memory-L1-1-0.dll
      C:\Windows\system32\API-MS-Win-Core-Handle-L1-1-0.dll
      C:\Windows\system32\API-MS-Win-Core-Synch-L1-1-0.dll
      C:\Windows\system32\API-MS-Win-Core-File-L1-1-0.dll
      C:\Windows\system32\API-MS-Win-Core-IO-L1-1-0.dll
      C:\Windows\system32\API-MS-Win-Core-ThreadPool-L1-1-0.dll
      C:\Windows\system32\API-MS-Win-Core-LibraryLoader-L1-1-0.dll
      C:\Windows\system32\API-MS-Win-Core-NamedPipe-L1-1-0.dll
      C:\Windows\system32\API-MS-Win-Core-Misc-L1-1-0.dll
      C:\Windows\system32\API-MS-Win-Core-SysInfo-L1-1-0.dll
      C:\Windows\system32\API-MS-Win-Core-Localization-L1-1-0.dll
      C:\Windows\system32\API-MS-Win-Core-ProcessEnvironment-L1-1-0.dll
      C:\Windows\system32\API-MS-Win-Core-String-L1-1-0.dll
      C:\Windows\system32\API-MS-Win-Core-Debug-L1-1-0.dll
      C:\Windows\system32\API-MS-Win-Core-ErrorHandling-L1-1-0.dll
      C:\Windows\system32\API-MS-Win-Core-Fibers-L1-1-0.dll
      C:\Windows\system32\API-MS-Win-Core-Util-L1-1-0.dll
      C:\Windows\system32\API-MS-Win-Core-Profile-L1-1-0.dll
      C:\Windows\system32\API-MS-Win-Security-Base-L1-1-0.dll
  H:\cygwin\bin\cygiconv-2.dll
  H:\cygwin\bin\cygintl-8.dll

Found: H:\cygwin\bin\xz.exe
H:\cygwin\bin\xz.exe
  H:\cygwin\bin\cyglzma-5.dll
    H:\cygwin\bin\cygwin1.dll
      C:\Windows\system32\KERNEL32.dll
        C:\Windows\system32\API-MS-Win-Core-RtlSupport-L1-1-0.dll
        C:\Windows\system32\ntdll.dll
        C:\Windows\system32\KERNELBASE.dll
        C:\Windows\system32\API-MS-Win-Core-ProcessThreads-L1-1-0.dll
        C:\Windows\system32\API-MS-Win-Core-Heap-L1-1-0.dll
        C:\Windows\system32\API-MS-Win-Core-Memory-L1-1-0.dll
        C:\Windows\system32\API-MS-Win-Core-Handle-L1-1-0.dll
        C:\Windows\system32\API-MS-Win-Core-Synch-L1-1-0.dll
        C:\Windows\system32\API-MS-Win-Core-File-L1-1-0.dll
        C:\Windows\system32\API-MS-Win-Core-IO-L1-1-0.dll
        C:\Windows\system32\API-MS-Win-Core-ThreadPool-L1-1-0.dll
        C:\Windows\system32\API-MS-Win-Core-LibraryLoader-L1-1-0.dll
        C:\Windows\system32\API-MS-Win-Core-NamedPipe-L1-1-0.dll
        C:\Windows\system32\API-MS-Win-Core-Misc-L1-1-0.dll
        C:\Windows\system32\API-MS-Win-Core-SysInfo-L1-1-0.dll
        C:\Windows\system32\API-MS-Win-Core-Localization-L1-1-0.dll
        C:\Windows\system32\API-MS-Win-Core-ProcessEnvironment-L1-1-0.dll
        C:\Windows\system32\API-MS-Win-Core-String-L1-1-0.dll
        C:\Windows\system32\API-MS-Win-Core-Debug-L1-1-0.dll
        C:\Windows\system32\API-MS-Win-Core-ErrorHandling-L1-1-0.dll
        C:\Windows\system32\API-MS-Win-Core-Fibers-L1-1-0.dll
        C:\Windows\system32\API-MS-Win-Core-Util-L1-1-0.dll
        C:\Windows\system32\API-MS-Win-Core-Profile-L1-1-0.dll
        C:\Windows\system32\API-MS-Win-Security-Base-L1-1-0.dll
  H:\cygwin\bin\cygintl-8.dll
    H:\cygwin\bin\cygiconv-2.dll
